// Jest Snapshot v1, https://goo.gl/fbAQLP

exports[`>>>Autocomplete --- Snapshot +++capturing Snapshot of AutocompleteInput 1`] = `
<div
  className="autocomplete-wrapper"
>
  <input
    className="autocomplete-field"
    onBlur={[Function]}
    onChange={[Function]}
    onFocus={[Function]}
    onKeyDown={[Function]}
    value=""
  />
</div>
`;
